// Jest Snapshot v1, https://goo.gl/fbAQLP

exports[`<FavoritesList /> should be rendered 1`] = `
<ul
  className="favorites__list"
>
  <li
    className="favorites__locations-items"
    key="Amsterdam"
  >
    <div
      className="favorites__locations locations locations--current"
    >
      <div
        className="locations__item"
      >
        <a
          className="locations__item-link"
          href="#"
        >
          <span>
            Amsterdam
          </span>
        </a>
      </div>
    </div>
    <div
      className="favorites__places"
    >
      <Connect(Card)
        bedrooms={3}
        city={
          Object {
            "location": Object {
              "latitude": 52.370216,
              "longitude": 4.895168,
              "zoom": 10,
            },
            "name": "Amsterdam",
          }
        }
        description="A quiet cozy and picturesque that hides behind a a river by the unique lightness of Amsterdam."
        goods={
          Array [
            "Heating",
            "Kitchen",
            "Cable TV",
            "Washing machine",
            "Coffee machine",
            "Dishwasher",
          ]
        }
        host={
          Object {
            "avatarUrl": "img/avatar-angelina.jpg",
            "id": 3,
            "isPro": true,
            "name": "Angelina",
          }
        }
        id={1}
        images={
          Array [
            "img/apartment-02.jpg",
            "img/apartment-03.jpg",
          ]
        }
        isFavorite={false}
        isPremium={false}
        key="1"
        location={
          Object {
            "latitude": 52.35514938496378,
            "longitude": 4.673877537499948,
            "zoom": 8,
          }
        }
        maxAdults={4}
        mini={true}
        previewImage="img/apartment-01.jpg"
        price={100}
        rating={1.8}
        title="Beautiful & luxurious studio at great location"
        type="apartment"
      />
      <Connect(Card)
        bedrooms={2}
        city={
          Object {
            "location": Object {
              "latitude": 52.370216,
              "longitude": 4.895168,
              "zoom": 10,
            },
            "name": "Amsterdam",
          }
        }
        description="A quiet cozy and picturesque that hides behind a a river by the unique lightness of Amsterdam."
        goods={
          Array [
            "Heating",
            "Kitchen",
            "Cable TV",
            "Washing machine",
            "Coffee machine",
            "Dishwasher",
          ]
        }
        host={
          Object {
            "avatarUrl": "img/avatar-angelina.jpg",
            "id": 3,
            "isPro": true,
            "name": "Angelina",
          }
        }
        id={2}
        images={
          Array [
            "img/apartment-01.jpg",
            "img/apartment-03.jpg",
          ]
        }
        isFavorite={false}
        isPremium={false}
        key="2"
        location={
          Object {
            "latitude": 52.3909553943508,
            "longitude": 4.85309666406198,
            "zoom": 8,
          }
        }
        maxAdults={4}
        mini={true}
        previewImage="img/apartment-02.jpg"
        price={140}
        rating={2.8}
        title="Beautiful & luxurious studio at great location"
        type="room"
      />
    </div>
  </li>
  <li
    className="favorites__locations-items"
    key="Paris"
  >
    <div
      className="favorites__locations locations locations--current"
    >
      <div
        className="locations__item"
      >
        <a
          className="locations__item-link"
          href="#"
        >
          <span>
            Paris
          </span>
        </a>
      </div>
    </div>
    <div
      className="favorites__places"
    >
      <Connect(Card)
        bedrooms={2}
        city={
          Object {
            "location": Object {
              "latitude": 52.370216,
              "longitude": 4.895168,
              "zoom": 10,
            },
            "name": "Paris",
          }
        }
        description="A quiet cozy and picturesque that hides behind a a river by the unique lightness of Amsterdam."
        goods={
          Array [
            "Heating",
            "Kitchen",
            "Cable TV",
            "Washing machine",
            "Coffee machine",
            "Dishwasher",
          ]
        }
        host={
          Object {
            "avatarUrl": "img/avatar-angelina.jpg",
            "id": 3,
            "isPro": true,
            "name": "Angelina",
          }
        }
        id={3}
        images={
          Array [
            "img/apartment-01.jpg",
            "img/apartment-03.jpg",
          ]
        }
        isFavorite={false}
        isPremium={false}
        key="3"
        location={
          Object {
            "latitude": 52.3909553943508,
            "longitude": 4.85309666406198,
            "zoom": 8,
          }
        }
        maxAdults={4}
        mini={true}
        previewImage="img/apartment-02.jpg"
        price={120}
        rating={4.8}
        title="Beautiful & luxurious studio at great location"
        type="room"
      />
    </div>
  </li>
</ul>
`;
