// Jest Snapshot v1, https://goo.gl/fbAQLP

exports[`<Host /> should render 1`] = `
<div
  className="property__host"
>
  <h2
    className="property__host-title"
  >
    Meet the host
  </h2>
  <div
    className="property__host-user user"
  >
    <div
      className="property__avatar-wrapper user__avatar-wrapper"
    >
      <img
        alt="Host avatar"
        className="property__avatar user__avatar"
        height="74"
        width="74"
      />
    </div>
    <span
      className="property__user-name"
    />
  </div>
  <div
    className="property__description"
  >
    <p>
      Lorem ipsum dolor sit amet consectetur adipisicing elit. Aspernatur quas laboriosam quidem placeat accusantium rem fuga, ipsam consequuntur perspiciatis repellendus saepe expedita culpa adipisci labore amet. Unde nostrum excepturi neque.
    </p>
  </div>
</div>
`;
